<html>
<body>
<pre>
<h1>µVision Build Log</h1>
<h2>Tool Versions:</h2>
IDE-Version: ¦ÌVision V5.21.1.0
Copyright (C) 2016 ARM Ltd and ARM Germany GmbH. All rights reserved.
License Information: Warfalcon wang, Radiation, LIC=R4HMM-XHKKX-780FD-8PQZT-GB9KV-0YE1M
 
Tool Versions:
Toolchain:       MDK-ARM Professional  Version: 5.21a
Toolchain Path:  C:\Keil_v5\ARM\ARMCC\Bin
C Compiler:      Armcc.exe V5.06 update 3 (build 300)
Assembler:       Armasm.exe V5.06 update 3 (build 300)
Linker/Locator:  ArmLink.exe V5.06 update 3 (build 300)
Library Manager: ArmAr.exe V5.06 update 3 (build 300)
Hex Converter:   FromElf.exe V5.06 update 3 (build 300)
CPU DLL:         SARMCM3.DLL V5.21a
Dialog DLL:      DCM.DLL V1.13.8.0
Target DLL:      Segger\JL2CM3.dll V2.99.23.0
Dialog DLL:      TCM.DLL V1.14.14.0
 
<h2>Project:</h2>
D:\Project\NetBox-RA\stm32f4xx-HAL\project.uvprojx
Project File Date:  02/26/2019

<h2>Output:</h2>
*** Using Compiler 'V5.06 update 3 (build 300)', folder: 'C:\Keil_v5\ARM\ARMCC\Bin'
Build target 'rt-thread_stm32f4xx'
compiling at_socket_sim800c.c...
packages\at_device-latest\at_socket_sim800c.c(283): warning:  #177-D: function "sim800c_power_on" was declared but never referenced
  static void sim800c_power_on(void)
packages\at_device-latest\at_socket_sim800c.c(298): warning:  #177-D: function "sim800c_power_off" was declared but never referenced
  static void sim800c_power_off(void)
packages\at_device-latest\at_socket_sim800c.c: 2 warnings, 0 errors
linking...
Program Size: Code=519526 RO-data=98986 RW-data=1848 ZI-data=70280  
FromELF: creating hex file...
After Build - User command #1: fromelf --bin .\build\rtthread-stm32f4xx.axf --output rtthread-stm32f4xx.bin
".\build\rtthread-stm32f4xx.axf" - 0 Error(s), 2 Warning(s).

<h2>Collection of Component include folders:</h2>
  D:\Project\NetBox-RA\stm32f4xx-HAL\RTE
  C:\Keil_v5\ARM\PACK\Keil\STM32F4xx_DFP\1.0.8\Device\Include

<h2>Collection of Component Files used:</h2>
Build Time Elapsed:  00:00:07
</pre>
</body>
</html>
